<h1>Asciidoc Roolz</h1>
<div class="paragraph">
<p>OMG it&#8217;s <em>WAY</em> better than <strong>Markdown</strong>, or any of those other markup languages.</p>
</div>